[2026-09-29 09:34:17] ---- Auto-refresh run starting ----
[2026-09-29 09:34:17] Reading C:\Users\khnq757\OneDrive - AZCollaboration\GFS Digital Delivery - 01. Requirements\Data File.xlsx ...
[2026-09-29 09:34:17] Building e_bridge_risk_clusters.json...
[2026-09-29 09:34:17]   wrote C:\Users\khnq757\OneDrive - AZCollaboration\Shortcuts\Terence Intenal - Documents\Risk_Test\data\e_bridge_risk_clusters.json (8 rows)
[2026-09-29 09:34:17] Building e_dim_risk.json...
[2026-09-29 09:34:17]   wrote C:\Users\khnq757\OneDrive - AZCollaboration\Shortcuts\Terence Intenal - Documents\Risk_Test\data\e_dim_risk.json (54 rows)
[2026-09-29 09:34:17]   wrote C:\Users\khnq757\OneDrive - AZCollaboration\Shortcuts\Terence Intenal - Documents\Risk_Test\data.json (54 rows)
[2026-09-29 09:34:17] Building ep-dim-risktest.json...
[2026-09-29 09:34:17]   wrote C:\Users\khnq757\OneDrive - AZCollaboration\Shortcuts\Terence Intenal - Documents\Risk_Test\data\ep-dim-risktest.json (24 rows)
[2026-09-29 09:34:17] Building ep-kar-links.json...
[2026-09-29 09:34:17]   wrote C:\Users\khnq757\OneDrive - AZCollaboration\Shortcuts\Terence Intenal - Documents\Risk_Test\data\ep-kar-links.json (17 rows)
[2026-09-29 09:34:17] Building k-dim-risk.json...
[2026-09-29 09:34:17]   wrote C:\Users\khnq757\OneDrive - AZCollaboration\Shortcuts\Terence Intenal - Documents\Risk_Test\data\k-dim-risk.json (8 rows)
[2026-09-29 09:34:17] Building material-control.json...
[2026-09-29 09:34:17]   wrote C:\Users\khnq757\OneDrive - AZCollaboration\Shortcuts\Terence Intenal - Documents\Risk_Test\data\material-control.json (22 rows)
[2026-09-29 09:34:17] Done.
[2026-09-29 09:34:18] Changes detected:
[2026-09-29 09:34:18]   ?? auto-refresh-and-publish.ps1
[2026-09-29 09:34:18]   ?? auto-refresh.log
[2026-09-29 09:34:18] [main c4e3c3a] Auto-refresh data from source workbook (2026-09-29 09:34)
[2026-09-29 09:34:18]  2 files changed, 63 insertions(+)
[2026-09-29 09:34:18]  create mode 100644 auto-refresh-and-publish.ps1
[2026-09-29 09:34:18]  create mode 100644 auto-refresh.log
[2026-09-29 09:35:22] ---- Auto-refresh run starting ----
[2026-09-29 09:35:23]   Reading C:\Users\khnq757\OneDrive - AZCollaboration\GFS Digital Delivery - 01. Requirements\Data File.xlsx ...
[2026-09-29 09:35:23]   Building e_bridge_risk_clusters.json...
[2026-09-29 09:35:23]     wrote C:\Users\khnq757\OneDrive - AZCollaboration\Shortcuts\Terence Intenal - Documents\Risk_Test\data\e_bridge_risk_clusters.json (8 rows)
[2026-09-29 09:35:23]   Building e_dim_risk.json...
[2026-09-29 09:35:23]     wrote C:\Users\khnq757\OneDrive - AZCollaboration\Shortcuts\Terence Intenal - Documents\Risk_Test\data\e_dim_risk.json (54 rows)
[2026-09-29 09:35:23]     wrote C:\Users\khnq757\OneDrive - AZCollaboration\Shortcuts\Terence Intenal - Documents\Risk_Test\data.json (54 rows)
[2026-09-29 09:35:23]   Building ep-dim-risktest.json...
[2026-09-29 09:35:23]     wrote C:\Users\khnq757\OneDrive - AZCollaboration\Shortcuts\Terence Intenal - Documents\Risk_Test\data\ep-dim-risktest.json (24 rows)
[2026-09-29 09:35:23]   Building ep-kar-links.json...
[2026-09-29 09:35:23]     wrote C:\Users\khnq757\OneDrive - AZCollaboration\Shortcuts\Terence Intenal - Documents\Risk_Test\data\ep-kar-links.json (17 rows)
[2026-09-29 09:35:23]   Building k-dim-risk.json...
[2026-09-29 09:35:23]     wrote C:\Users\khnq757\OneDrive - AZCollaboration\Shortcuts\Terence Intenal - Documents\Risk_Test\data\k-dim-risk.json (8 rows)
[2026-09-29 09:35:23]   Building material-control.json...
[2026-09-29 09:35:23]     wrote C:\Users\khnq757\OneDrive - AZCollaboration\Shortcuts\Terence Intenal - Documents\Risk_Test\data\material-control.json (22 rows)
[2026-09-29 09:35:23]   Done.
[2026-09-29 09:35:23] Changes detected:
[2026-09-29 09:35:23]    M auto-refresh-and-publish.ps1
[2026-09-29 09:35:23]    M auto-refresh.log
